// Vitest Snapshot v1, https://vitest.dev/guide/snapshot.html

exports[`GiftApp > should render correctly 1`] = `
<div>
  <div
    class="content-center"
  >
    <h1>
      Buscador de gifs
    </h1>
    <p>
      Encuentra tu gif favorito 👀
    </p>
  </div>
  <div
    class="search-container"
  >
    <input
      placeholder="Buscar gif..."
      type="text"
      value=""
    />
    <button>
      Buscar
    </button>
  </div>
  <div
    class="previous-searches"
  >
    <h2>
      Busquedas anteriores
    </h2>
    <ul
      class="previous-searches-list"
    >
      <li>
        gif 1
      </li>
    </ul>
  </div>
  <div
    class="gifs-container"
  />
</div>
`;
